// Jest Snapshot v1, https://goo.gl/fbAQLP

exports[`CustomButton Component should match the snapshot 1`] = `
<Fragment>
  <Button
    active={true}
    className="custom-btn"
    disabled={false}
    href="/articles"
    type="button"
    variant="primary"
  >
    stranger
  </Button>
</Fragment>
`;
